## Objects in Reduce Stage

### Framework Objects

#### [SegmentsInCopy] => 

| FrameworkObj 	| Inner object 	| shallowHeap 	| retainedHeap 	| TaskId 	|
| :----------- | :----------- | -----------: | -----------: | -----------: |
| MapOutputCopier @ 0xcb7ddd00  MapOutputCopier attempt_201405151446_0005_r_000002_0.0	| byte[45751456] @ 0xa96d3908	| 45,751,472	| 45,751,472	|12	|

#### [SegmentsInList] => 

| FrameworkObj 	| Inner object 	| shallowHeap 	| retainedHeap 	| TaskId 	|
| :----------- | :----------- | -----------: | -----------: | -----------: |
| ReduceTask$ReduceCopier$MapOutput @ 0xce43d550	| byte[45744906] @ 0xb857c060	| 45,744,928	| 45,744,928	|10	|
| ReduceTask$ReduceCopier$MapOutput @ 0xd3eb7938	| byte[45743077] @ 0xd3eb79d8	| 45,743,096	| 45,743,096	|14	|

#### [SegmentsInMerge / SegmentsInBuffer] => 

| FrameworkObj 	| Inner object 	| shallowHeap 	| retainedHeap 	| TaskId 	|
| :----------- | :----------- | -----------: | -----------: | -----------: |
| Merger$Segment @ 0xd3b5c918	| byte[45650354] @ 0xb59f2e98	| 45,650,376	| 45,650,376	|11	|
| Merger$Segment @ 0xd3b5acd0	| byte[45679016] @ 0xc5f626b8	| 45,679,032	| 45,679,032	|2	|
| Merger$Segment @ 0xd3b5c370	| byte[45666662] @ 0xc8b080a8	| 45,666,680	| 45,666,680	|7	|
| Merger$Segment @ 0xd3b5d578	| byte[45684858] @ 0xcb8abcc0	| 45,684,880	| 45,684,880	|5	|
| Merger$Segment @ 0xd3b59088	| byte[45663253] @ 0xb2e66a70	| 45,663,272	| 45,663,272	|17	|
| Merger$Segment @ 0xd3b59630	| byte[45672007] @ 0xb02d8418	| 45,672,024	| 45,672,024	|9	|
| Merger$Segment @ 0xd3b59bd8	| byte[45691023] @ 0xac2755b8	| 45,691,040	| 45,691,040	|8	|
| Merger$Segment @ 0xd3b58ae0	| byte[21822891] @ 0xaee08658	| 21,822,912	| 21,822,912	|21	|
| Merger$Segment @ 0xd3b5cec0	| byte[45684984] @ 0xce440cb8	| 45,685,000	| 45,685,000	|0	|
| Merger$Segment @ 0xd3b5a728	| byte[45691580] @ 0xbb11c380	| 45,691,600	| 45,691,600	|6	|
| Merger$Segment @ 0xd3b5db98	| byte[45608889] @ 0xd0fd25c0	| 45,608,912	| 45,608,912	|13	|
| Merger$Segment @ 0xd3b5b278	| byte[45691078] @ 0xc33cf5e0	| 45,691,096	| 45,691,096	|1	|
| Merger$Segment @ 0xd3b58538	| byte[28400597] @ 0xa2400000	| 28,400,616	| 28,400,616	|18	|
| Merger$Segment @ 0xd3b5b820	| byte[45756784] @ 0xc082c460	| 45,756,800	| 45,756,800	|3	|
| Merger$Segment @ 0xd3b5bdc8	| byte[45600252] @ 0xbdcaf650	| 45,600,272	| 45,600,272	|15	|
| Merger$Segment @ 0xd3b579e8	| byte[22601462] @ 0xa8145a00	| 22,601,480	| 22,601,480	|19	|
| Merger$Segment @ 0xd3b57f90	| byte[23717439] @ 0xa3f15be8	| 23,717,456	| 23,717,456	|20	|
| Merger$Segment @ 0xd3b5a180	| byte[45684664] @ 0xa55b4238	| 45,684,680	| 45,684,680	|4	|


#### [minSegment] => 

| FrameworkObj 	| Inner object 	| shallowHeap 	| retainedHeap 	| TaskId 	|
| :----------- | :----------- | -----------: | -----------: |-----------: |
| Merger$Segment @ 0xd3b5c918	| byte[45650354] @ 0xb59f2e98	| 45,650,376	| 45,650,376	|11	|


#### [keySegment] => 

| FrameworkObj 	| Inner object 	| shallowHeap 	| retainedHeap 	|
| :----------- | :----------- | -----------: | -----------: |
| DataInputBuffer @ 0xd3b5c960	| byte[45650354] @ 0xb59f2e98	| 45,650,376	| 45,650,376	|


### User Objects

| User object | shallow heap | retained heap | length | inner object | inner size | threads | code() |
|:------------| ------------:| -------------:| ------:|:------------ | ----------:| :------ | :------|
| org.apache.pig.data.DefaultDataBag @ 0xd6de35c0 | 40 | 4,021,312 | 1 |  | |  |  |

### User objects => Threads and code() 

