## Objects in Reduce Stage

### Framework Objects

#### [SegmentsInCopy] => 


#### [SegmentsInList] => 


#### [SegmentsInMerge / SegmentsInBuffer] => 

| FrameworkObj 	| Inner object 	| shallowHeap 	| retainedHeap 	| TaskId 	|
| :----------- | :----------- | -----------: | -----------: | -----------: |
| Merger$Segment @ 0xc192faf0	| byte[13910280] @ 0xc5cb7ce8	| 13,910,296	| 13,910,296	|-1	|
| Merger$Segment @ 0xc192e5e8	| byte[14115842] @ 0xc845ef28	| 14,115,864	| 14,115,864	|-1	|
| Merger$Segment @ 0xc192fe18	| byte[13993948] @ 0xc91d5340	| 13,993,968	| 13,993,968	|-1	|
| Merger$Segment @ 0xc1941200	| byte[13544570] @ 0xc7774298	| 13,544,592	| 13,544,592	|-1	|
| Merger$Segment @ 0xc192e910	| byte[14071418] @ 0xc4187a20	| 14,071,440	| 14,071,440	|-1	|
| Merger$Segment @ 0xc192f7c8	| byte[14160454] @ 0xc26b18d8	| 14,160,472	| 14,160,472	|-1	|
| Merger$Segment @ 0xc192f4a0	| byte[13979354] @ 0xc3432b30	| 13,979,376	| 13,979,376	|-1	|
| Merger$Segment @ 0xc192ee50	| byte[14124042] @ 0xc69fbe00	| 14,124,064	| 14,124,064	|-1	|
| Merger$Segment @ 0xc192e2c0	| byte[14371432] @ 0xc4f03270	| 14,371,448	| 14,371,448	|-1	|
| Merger$Segment @ 0xc192f178	| byte[14016244] @ 0xc19539d0	| 14,016,264	| 14,016,264	|-1	|


#### [minSegment] => 

| FrameworkObj 	| Inner object 	| shallowHeap 	| retainedHeap 	| TaskId 	|
| :----------- | :----------- | -----------: | -----------: |-----------: |
| Merger$Segment @ 0xc192faf0	| byte[13910280] @ 0xc5cb7ce8	| 13,910,296	| 13,910,296	|-1	|


#### [keySegment] => 

| FrameworkObj 	| Inner object 	| shallowHeap 	| retainedHeap 	|
| :----------- | :----------- | -----------: | -----------: |
| DataInputBuffer @ 0xc192fb38	| byte[13910280] @ 0xc5cb7ce8	| 13,910,296	| 13,910,296	|


### User Objects

| User object | shallow heap | retained heap | length | inner object | inner size | threads | code() |
|:------------| ------------:| -------------:| ------:|:------------ | ----------:| :------ | :------|
| edu.umd.cloud9.io.fastuil.String2IntOpenHashMapWritable @ 0xcec4baa8 | 64 | 219,994,928 | 1 |  | | main | reduce |
| org.apache.hadoop.mapreduce.Reducer$Context @ 0xc1937850 | 160 | 42,899,096 | 1 |  | | main | prereduce + reduce |

### User objects => Threads and code() 

[org.apache.hadoop.mapreduce.Reducer$Context @ 0xc1937850] =>

	|------ in reduce() in main ------|
	at cloud9.ComputeCooccurrenceMatrixStripesOOM$MyReducer.reduce(Lorg/apache/hadoop/io/Text;Ljava/lang/Iterable;Lorg/apache/hadoop/mapreduce/Reducer$Context;)V (ComputeCooccurrenceMatrixStripesOOM.java:133)
		org.apache.hadoop.mapreduce.Reducer$Context @ 0xc1937850 [30477]

	at org.apache.hadoop.mapreduce.ReduceContext.nextKeyValue()Z (ReduceContext.java:217)
		org.apache.hadoop.mapreduce.Reducer$Context @ 0xc1937850 [30477]

	|------ in prereduce() in main ------|
	at org.apache.hadoop.mapred.ReduceTask.runNewReducer(Lorg/apache/hadoop/mapred/JobConf;Lorg/apache/hadoop/mapred/TaskUmbilicalProtocol;Lorg/apache/hadoop/mapred/Task$TaskReporter;Lorg/apache/hadoop/mapred/RawKeyValueIterator;Lorg/apache/hadoop/io/RawComparator;Ljava/lang/Class;Ljava/lang/Class;)V (ReduceTask.java:728)
		org.apache.hadoop.mapreduce.Reducer$Context @ 0xc1937850 [30477]

	at org.apache.hadoop.mapreduce.Reducer.run(Lorg/apache/hadoop/mapreduce/Reducer$Context;)V (Reducer.java:216)
		org.apache.hadoop.mapreduce.Reducer$Context @ 0xc1937850 [30477]


[edu.umd.cloud9.io.fastuil.String2IntOpenHashMapWritable @ 0xcec4baa8] =>

	|------ in reduce() in main ------|
	at cloud9.ComputeCooccurrenceMatrixStripesOOM$MyReducer.reduce(Lorg/apache/hadoop/io/Text;Ljava/lang/Iterable;Lorg/apache/hadoop/mapreduce/Reducer$Context;)V (ComputeCooccurrenceMatrixStripesOOM.java:133)
		edu.umd.cloud9.io.fastuil.String2IntOpenHashMapWritable @ 0xcec4baa8 [2109179]


