## Objects in Reduce Stage

### Framework Objects

#### [SegmentsInCopy] => 


#### [SegmentsInList] => 


#### [SegmentsInMerge / SegmentsInBuffer] => 

| FrameworkObj 	| Inner object 	| shallowHeap 	| retainedHeap 	| TaskId 	|
| :----------- | :----------- | -----------: | -----------: | -----------: |
| Merger$Segment @ 0xc192e488	| byte[14115842] @ 0xc845ed98	| 14,115,864	| 14,115,864	|-1	|
| Merger$Segment @ 0xc192e7b0	| byte[14071418] @ 0xc4187890	| 14,071,440	| 14,071,440	|-1	|
| Merger$Segment @ 0xc192f990	| byte[13910280] @ 0xc5cb7b58	| 13,910,296	| 13,910,296	|-1	|
| Merger$Segment @ 0xc19410a0	| byte[13544570] @ 0xc7774108	| 13,544,592	| 13,544,592	|-1	|
| Merger$Segment @ 0xc192f018	| byte[14016244] @ 0xc1953840	| 14,016,264	| 14,016,264	|-1	|
| Merger$Segment @ 0xc192f668	| byte[14160454] @ 0xc26b1748	| 14,160,472	| 14,160,472	|-1	|
| Merger$Segment @ 0xc192fcb8	| byte[13993948] @ 0xc91d51b0	| 13,993,968	| 13,993,968	|-1	|
| Merger$Segment @ 0xc192ecf0	| byte[14124042] @ 0xc69fbc70	| 14,124,064	| 14,124,064	|-1	|
| Merger$Segment @ 0xc192e160	| byte[14371432] @ 0xc4f030e0	| 14,371,448	| 14,371,448	|-1	|
| Merger$Segment @ 0xc192f340	| byte[13979354] @ 0xc34329a0	| 13,979,376	| 13,979,376	|-1	|


#### [minSegment] => 

| FrameworkObj 	| Inner object 	| shallowHeap 	| retainedHeap 	| TaskId 	|
| :----------- | :----------- | -----------: | -----------: |-----------: |
| Merger$Segment @ 0xc192e488	| byte[14115842] @ 0xc845ed98	| 14,115,864	| 14,115,864	|-1	|


#### [keySegment] => 

| FrameworkObj 	| Inner object 	| shallowHeap 	| retainedHeap 	|
| :----------- | :----------- | -----------: | -----------: |
| DataInputBuffer @ 0xc192e4d0	| byte[14115842] @ 0xc845ed98	| 14,115,864	| 14,115,864	|


### User Objects

| User object | shallow heap | retained heap | length | inner object | inner size | threads | code() |
|:------------| ------------:| -------------:| ------:|:------------ | ----------:| :------ | :------|
| edu.umd.cloud9.io.fastuil.String2IntOpenHashMapWritable @ 0xcec4b918 | 64 | 300,900,896 | 1 |  | | main | reduce |
| char[37748734] @ 0xde62cdc8 | 75,497,488 | 75,497,488 | 1 |  | | main | reduce |
| org.apache.hadoop.mapreduce.Reducer$Context @ 0xc19376f0 | 160 | 31,806,584 | 1 |  | | main | prereduce |

### User objects => Threads and code() 

[edu.umd.cloud9.io.fastuil.String2IntOpenHashMapWritable @ 0xcec4b918] =>

	|------ in reduce() in main ------|
	at it.unimi.dsi.fastutil.objects.AbstractObject2IntMap.toString()Ljava/lang/String; (AbstractObject2IntMap.java:298)
		edu.umd.cloud9.io.fastuil.String2IntOpenHashMapWritable @ 0xcec4b918 [2109167]


[char[37748734] @ 0xde62cdc8] =>

	|------ in reduce() in main ------|
	at it.unimi.dsi.fastutil.objects.AbstractObject2IntMap.toString()Ljava/lang/String; (AbstractObject2IntMap.java:298)
		java.lang.StringBuilder @ 0xdd099f70  {Muittal\u00e6gje,=>1, Khakass-Minusinsk=>1, (while=>252, 1859-1913.=>1, sub-8000m=>1, Royales=>7, \u00a7\u00a01\u201333,=>1, Gentleman",=>1, Gentleman".=>1, 2004.Bruni=>2, !=>266, "=>1542, #=>1280, $=>518, %=>1000, &=>25702, '=>518, (=>8611, )=>10900, *=>... [6779277]
		char[37748734] @ 0xde62cdc8  {Muittal\u00e6gje,=>1, Khakass-Minusinsk=>1, (while=>252, 1859-1913.=>1, sub-8000m=>1, Royales=>7, \u00a7\u00a01\u201333,=>1, Gentleman",=>1, Gentleman".=>1, 2004.Bruni=>2, !=>266, "=>1542, #=>1280, $=>518, %=>1000, &=>25702, '=>518, (=>8611, )=>10900, *=>... [7440750]

	at java.lang.StringBuilder.append(Ljava/lang/String;)Ljava/lang/StringBuilder; (StringBuilder.java:119)
		java.lang.StringBuilder @ 0xdd099f70  {Muittal\u00e6gje,=>1, Khakass-Minusinsk=>1, (while=>252, 1859-1913.=>1, sub-8000m=>1, Royales=>7, \u00a7\u00a01\u201333,=>1, Gentleman",=>1, Gentleman".=>1, 2004.Bruni=>2, !=>266, "=>1542, #=>1280, $=>518, %=>1000, &=>25702, '=>518, (=>8611, )=>10900, *=>... [6779277]
		char[37748734] @ 0xde62cdc8  {Muittal\u00e6gje,=>1, Khakass-Minusinsk=>1, (while=>252, 1859-1913.=>1, sub-8000m=>1, Royales=>7, \u00a7\u00a01\u201333,=>1, Gentleman",=>1, Gentleman".=>1, 2004.Bruni=>2, !=>266, "=>1542, #=>1280, $=>518, %=>1000, &=>25702, '=>518, (=>8611, )=>10900, *=>... [7440750]

	at java.lang.AbstractStringBuilder.append(Ljava/lang/String;)Ljava/lang/AbstractStringBuilder; (AbstractStringBuilder.java:390)
		java.lang.StringBuilder @ 0xdd099f70  {Muittal\u00e6gje,=>1, Khakass-Minusinsk=>1, (while=>252, 1859-1913.=>1, sub-8000m=>1, Royales=>7, \u00a7\u00a01\u201333,=>1, Gentleman",=>1, Gentleman".=>1, 2004.Bruni=>2, !=>266, "=>1542, #=>1280, $=>518, %=>1000, &=>25702, '=>518, (=>8611, )=>10900, *=>... [6779277]
		char[37748734] @ 0xde62cdc8  {Muittal\u00e6gje,=>1, Khakass-Minusinsk=>1, (while=>252, 1859-1913.=>1, sub-8000m=>1, Royales=>7, \u00a7\u00a01\u201333,=>1, Gentleman",=>1, Gentleman".=>1, 2004.Bruni=>2, !=>266, "=>1542, #=>1280, $=>518, %=>1000, &=>25702, '=>518, (=>8611, )=>10900, *=>... [7440750]

	at java.util.Arrays.copyOf([CI)[C (Arrays.java:2882)
		char[37748734] @ 0xde62cdc8  {Muittal\u00e6gje,=>1, Khakass-Minusinsk=>1, (while=>252, 1859-1913.=>1, sub-8000m=>1, Royales=>7, \u00a7\u00a01\u201333,=>1, Gentleman",=>1, Gentleman".=>1, 2004.Bruni=>2, !=>266, "=>1542, #=>1280, $=>518, %=>1000, &=>25702, '=>518, (=>8611, )=>10900, *=>... [7440750]


[org.apache.hadoop.mapreduce.Reducer$Context @ 0xc19376f0] =>

	|------ in prereduce() in main ------|
	at org.apache.hadoop.mapred.ReduceTask.runNewReducer(Lorg/apache/hadoop/mapred/JobConf;Lorg/apache/hadoop/mapred/TaskUmbilicalProtocol;Lorg/apache/hadoop/mapred/Task$TaskReporter;Lorg/apache/hadoop/mapred/RawKeyValueIterator;Lorg/apache/hadoop/io/RawComparator;Ljava/lang/Class;Ljava/lang/Class;)V (ReduceTask.java:728)
		org.apache.hadoop.mapreduce.Reducer$Context @ 0xc19376f0 [30466]

	at org.apache.hadoop.mapreduce.Reducer.run(Lorg/apache/hadoop/mapreduce/Reducer$Context;)V (Reducer.java:216)
		org.apache.hadoop.mapreduce.Reducer$Context @ 0xc19376f0 [30466]


