## Objects in Reduce Stage

### Framework Objects

#### [SegmentsInCopy] => 


#### [SegmentsInList] => 


#### [SegmentsInMerge / SegmentsInBuffer] => 

| FrameworkObj 	| Inner object 	| shallowHeap 	| retainedHeap 	| TaskId 	|
| :----------- | :----------- | -----------: | -----------: | -----------: |
| Merger$Segment @ 0xc1941200	| byte[13544570] @ 0xc7c12a10	| 13,544,592	| 13,544,592	|-1	|
| Merger$Segment @ 0xc192ee50	| byte[14124042] @ 0xc6e9a538	| 14,124,064	| 14,124,064	|-1	|
| Merger$Segment @ 0xc192fe18	| byte[13993948] @ 0xc9673ab8	| 13,993,968	| 13,993,968	|-1	|
| Merger$Segment @ 0xc192f178	| byte[14016244] @ 0xc1dece08	| 14,016,264	| 14,016,264	|-1	|
| Merger$Segment @ 0xc192e2c0	| byte[14371432] @ 0xc53a19a8	| 14,371,448	| 14,371,448	|-1	|
| Merger$Segment @ 0xc192f7c8	| byte[14160454] @ 0xc2b4ad10	| 14,160,472	| 14,160,472	|-1	|
| Merger$Segment @ 0xc192f4a0	| byte[13979354] @ 0xc38cbf68	| 13,979,376	| 13,979,376	|-1	|
| Merger$Segment @ 0xc192e5e8	| byte[14115842] @ 0xc88fd6a0	| 14,115,864	| 14,115,864	|-1	|
| Merger$Segment @ 0xc192e910	| byte[14071418] @ 0xc4620e58	| 14,071,440	| 14,071,440	|-1	|
| Merger$Segment @ 0xc192faf0	| byte[13910280] @ 0xc6156420	| 13,910,296	| 13,910,296	|-1	|


#### [minSegment] => 

| FrameworkObj 	| Inner object 	| shallowHeap 	| retainedHeap 	| TaskId 	|
| :----------- | :----------- | -----------: | -----------: |-----------: |
| Merger$Segment @ 0xc1941200	| byte[13544570] @ 0xc7c12a10	| 13,544,592	| 13,544,592	|-1	|


#### [keySegment] => 

| FrameworkObj 	| Inner object 	| shallowHeap 	| retainedHeap 	|
| :----------- | :----------- | -----------: | -----------: |
| DataInputBuffer @ 0xc1942728	| byte[13544570] @ 0xc7c12a10	| 13,544,592	| 13,544,592	|


### User Objects

| User object | shallow heap | retained heap | length | inner object | inner size | threads | code() |
|:------------| ------------:| -------------:| ------:|:------------ | ----------:| :------ | :------|
| org.apache.hadoop.mapreduce.Reducer$Context @ 0xc1937850 | 160 | 42,311,408 | 1 |  | | main | prereduce |

### User objects => Threads and code() 

[org.apache.hadoop.mapreduce.Reducer$Context @ 0xc1937850] =>

	|------ in prereduce() in main ------|
	at org.apache.hadoop.mapred.ReduceTask.runNewReducer(Lorg/apache/hadoop/mapred/JobConf;Lorg/apache/hadoop/mapred/TaskUmbilicalProtocol;Lorg/apache/hadoop/mapred/Task$TaskReporter;Lorg/apache/hadoop/mapred/RawKeyValueIterator;Lorg/apache/hadoop/io/RawComparator;Ljava/lang/Class;Ljava/lang/Class;)V (ReduceTask.java:728)
		org.apache.hadoop.mapreduce.Reducer$Context @ 0xc1937850 [30477]

	at org.apache.hadoop.mapreduce.Reducer.run(Lorg/apache/hadoop/mapreduce/Reducer$Context;)V (Reducer.java:206)
		org.apache.hadoop.mapreduce.Reducer$Context @ 0xc1937850 [30477]

	at org.apache.hadoop.mapreduce.ReduceContext.nextKeyValue()Z (ReduceContext.java:217)
		org.apache.hadoop.mapreduce.Reducer$Context @ 0xc1937850 [30477]


