## Objects in Reduce Stage

### Framework Objects

#### [SegmentsInCopy] => 


#### [SegmentsInList] => 


#### [SegmentsInMerge / SegmentsInBuffer] => 

| FrameworkObj 	| Inner object 	| shallowHeap 	| retainedHeap 	| TaskId 	|
| :----------- | :----------- | -----------: | -----------: | -----------: |
| Merger$Segment @ 0xc192ce48	| byte[14115842] @ 0xc84cc7b8	| 14,115,864	| 14,115,864	|-1	|
| Merger$Segment @ 0xc192d170	| byte[14071418] @ 0xc345f730	| 14,071,440	| 14,071,440	|-1	|
| Merger$Segment @ 0xc192e138	| byte[13910280] @ 0xc4f431e0	| 13,910,296	| 13,910,296	|-1	|
| Merger$Segment @ 0xc1941520	| byte[13544570] @ 0xc9242bd0	| 13,544,592	| 13,544,592	|-1	|
| Merger$Segment @ 0xc192d7c0	| byte[14016244] @ 0xc5c872f8	| 14,016,264	| 14,016,264	|-1	|
| Merger$Segment @ 0xc192de10	| byte[14160454] @ 0xc773a0f0	| 14,160,472	| 14,160,472	|-1	|
| Merger$Segment @ 0xc192e460	| byte[13993948] @ 0xc2706f40	| 13,993,968	| 13,993,968	|-1	|
| Merger$Segment @ 0xc192d498	| byte[14124042] @ 0xc41cadc0	| 14,124,064	| 14,124,064	|-1	|
| Merger$Segment @ 0xc192cb20	| byte[14371432] @ 0xc19524c8	| 14,371,448	| 14,371,448	|-1	|
| Merger$Segment @ 0xc192dae8	| byte[13979354] @ 0xc69e5200	| 13,979,376	| 13,979,376	|-1	|


#### [minSegment] => 

| FrameworkObj 	| Inner object 	| shallowHeap 	| retainedHeap 	| TaskId 	|
| :----------- | :----------- | -----------: | -----------: |-----------: |
| Merger$Segment @ 0xc192ce48	| byte[14115842] @ 0xc84cc7b8	| 14,115,864	| 14,115,864	|-1	|


#### [keySegment] => 

| FrameworkObj 	| Inner object 	| shallowHeap 	| retainedHeap 	|
| :----------- | :----------- | -----------: | -----------: |
| DataInputBuffer @ 0xc192ce90	| byte[14115842] @ 0xc84cc7b8	| 14,115,864	| 14,115,864	|


### User Objects

| User object | shallow heap | retained heap | length | inner object | inner size | threads | code() |
|:------------| ------------:| -------------:| ------:|:------------ | ----------:| :------ | :------|
| edu.umd.cloud9.io.fastuil.String2IntOpenHashMapWritable @ 0xcf5559a0 | 64 | 300,900,952 | 1 |  | | main | reduce |
| org.apache.hadoop.mapreduce.Reducer$Context @ 0xc1932960 | 160 | 41,987,224 | 1 |  | | main | prereduce + reduce |

### User objects => Threads and code() 

[org.apache.hadoop.mapreduce.Reducer$Context @ 0xc1932960] =>

	|------ in reduce() in main ------|
	at cloud9.ComputeCooccurrenceMatrixStripesOOM$MyReducer.reduce(Lorg/apache/hadoop/io/Text;Ljava/lang/Iterable;Lorg/apache/hadoop/mapreduce/Reducer$Context;)V (ComputeCooccurrenceMatrixStripesOOM.java:133)
		org.apache.hadoop.mapreduce.Reducer$Context @ 0xc1932960 [30073]

	at org.apache.hadoop.mapreduce.ReduceContext.nextKeyValue()Z (ReduceContext.java:217)
		org.apache.hadoop.mapreduce.Reducer$Context @ 0xc1932960 [30073]

	|------ in prereduce() in main ------|
	at org.apache.hadoop.mapred.ReduceTask.runNewReducer(Lorg/apache/hadoop/mapred/JobConf;Lorg/apache/hadoop/mapred/TaskUmbilicalProtocol;Lorg/apache/hadoop/mapred/Task$TaskReporter;Lorg/apache/hadoop/mapred/RawKeyValueIterator;Lorg/apache/hadoop/io/RawComparator;Ljava/lang/Class;Ljava/lang/Class;)V (ReduceTask.java:728)
		org.apache.hadoop.mapreduce.Reducer$Context @ 0xc1932960 [30073]

	at org.apache.hadoop.mapreduce.Reducer.run(Lorg/apache/hadoop/mapreduce/Reducer$Context;)V (Reducer.java:216)
		org.apache.hadoop.mapreduce.Reducer$Context @ 0xc1932960 [30073]


[edu.umd.cloud9.io.fastuil.String2IntOpenHashMapWritable @ 0xcf5559a0] =>

	|------ in reduce() in main ------|
	at cloud9.ComputeCooccurrenceMatrixStripesOOM$MyReducer.reduce(Lorg/apache/hadoop/io/Text;Ljava/lang/Iterable;Lorg/apache/hadoop/mapreduce/Reducer$Context;)V (ComputeCooccurrenceMatrixStripesOOM.java:133)
		edu.umd.cloud9.io.fastuil.String2IntOpenHashMapWritable @ 0xcf5559a0 [2385581]


