## Objects in Reduce Stage

### Framework Objects

#### [SegmentsInCopy] => 


#### [SegmentsInList] => 


#### [SegmentsInMerge / SegmentsInBuffer] => 

| FrameworkObj 	| Inner object 	| shallowHeap 	| retainedHeap 	| TaskId 	|
| :----------- | :----------- | -----------: | -----------: | -----------: |
| Merger$Segment @ 0xc22db180	| byte[934208] @ 0xc28be778	| 934,224	| 934,224	|-1	|
| Merger$Segment @ 0xc22da5f0	| byte[964618] @ 0xc2617ab0	| 964,640	| 964,640	|-1	|
| Merger$Segment @ 0xc22f87a0	| byte[588524] @ 0xc27032d0	| 588,544	| 588,544	|-1	|
| Merger$Segment @ 0xc22da2c8	| byte[999942] @ 0xc2b8e570	| 999,960	| 999,960	|-1	|
| Merger$Segment @ 0xc22da918	| byte[965050] @ 0xc27d2da8	| 965,072	| 965,072	|-1	|
| Merger$Segment @ 0xc22dae58	| byte[986696] @ 0xc29a28c8	| 986,712	| 986,712	|-1	|
| Merger$Segment @ 0xc22db4a8	| byte[1053124] @ 0xc2316618	| 1,053,144	| 1,053,144	|-1	|
| Merger$Segment @ 0xc22dbaf8	| byte[891796] @ 0xc24577c8	| 891,816	| 891,816	|-1	|
| Merger$Segment @ 0xc22db7d0	| byte[943916] @ 0xc2531370	| 943,936	| 943,936	|-1	|
| Merger$Segment @ 0xc22dbe20	| byte[960954] @ 0xc2aa3ba0	| 960,976	| 960,976	|-1	|


#### [minSegment] => 

| FrameworkObj 	| Inner object 	| shallowHeap 	| retainedHeap 	| TaskId 	|
| :----------- | :----------- | -----------: | -----------: |-----------: |
| Merger$Segment @ 0xc22db180	| byte[934208] @ 0xc28be778	| 934,224	| 934,224	|-1	|


#### [keySegment] => 

| FrameworkObj 	| Inner object 	| shallowHeap 	| retainedHeap 	|
| :----------- | :----------- | -----------: | -----------: |
| DataInputBuffer @ 0xc22db1c8	| byte[934208] @ 0xc28be778	| 934,224	| 934,224	|


