## Objects in Reduce Stage

### Framework Objects

#### [SegmentsInCopy] => 


#### [SegmentsInList] => 


#### [SegmentsInMerge / SegmentsInBuffer] => 

| FrameworkObj 	| Inner object 	| shallowHeap 	| retainedHeap 	| TaskId 	|
| :----------- | :----------- | -----------: | -----------: | -----------: |
| Merger$Segment @ 0xc1943020	| byte[2384364] @ 0xc300de78	| 2,384,384	| 2,384,384	|-1	|
| Merger$Segment @ 0xc1930548	| byte[2557068] @ 0xc21b31a0	| 2,557,088	| 2,557,088	|-1	|
| Merger$Segment @ 0xc192fef8	| byte[2505470] @ 0xc1a774b0	| 2,505,488	| 2,505,488	|-1	|
| Merger$Segment @ 0xc19310d8	| byte[2461286] @ 0xc2db5000	| 2,461,304	| 2,461,304	|-1	|
| Merger$Segment @ 0xc1930a88	| byte[2485106] @ 0xc2423640	| 2,485,128	| 2,485,128	|-1	|
| Merger$Segment @ 0xc1931a50	| byte[2379350] @ 0xc26821c8	| 2,379,368	| 2,379,368	|-1	|
| Merger$Segment @ 0xc1930db0	| byte[2616484] @ 0xc1f344e8	| 2,616,504	| 2,616,504	|-1	|
| Merger$Segment @ 0xc1931400	| byte[2566142] @ 0xc28c7030	| 2,566,160	| 2,566,160	|-1	|
| Merger$Segment @ 0xc1931728	| byte[2602922] @ 0xc2b39840	| 2,602,944	| 2,602,944	|-1	|
| Merger$Segment @ 0xc1930220	| byte[2462994] @ 0xc1cdafc0	| 2,463,016	| 2,463,016	|-1	|


#### [minSegment] => 

| FrameworkObj 	| Inner object 	| shallowHeap 	| retainedHeap 	| TaskId 	|
| :----------- | :----------- | -----------: | -----------: |-----------: |
| Merger$Segment @ 0xc1943020	| byte[2384364] @ 0xc300de78	| 2,384,384	| 2,384,384	|-1	|


#### [keySegment] => 

| FrameworkObj 	| Inner object 	| shallowHeap 	| retainedHeap 	|
| :----------- | :----------- | -----------: | -----------: |
| DataInputBuffer @ 0xc1944548	| byte[2384364] @ 0xc300de78	| 2,384,384	| 2,384,384	|


