## Objects in Reduce Stage

### Framework Objects

#### [SegmentsInCopy] => 


#### [SegmentsInList] => 


#### [SegmentsInMerge / SegmentsInBuffer] => 

| FrameworkObj 	| Inner object 	| shallowHeap 	| retainedHeap 	| TaskId 	|
| :----------- | :----------- | -----------: | -----------: | -----------: |
| Merger$Segment @ 0xc1966450	| byte[2462994] @ 0xc1e36bb0	| 2,463,016	| 2,463,016	|-1	|
| Merger$Segment @ 0xc1967958	| byte[2602922] @ 0xc2f21508	| 2,602,944	| 2,602,944	|-1	|
| Merger$Segment @ 0xc1967308	| byte[2461286] @ 0xc319ccc8	| 2,461,304	| 2,461,304	|-1	|
| Merger$Segment @ 0xc1979268	| byte[2384364] @ 0xc33f5b40	| 2,384,384	| 2,384,384	|-1	|
| Merger$Segment @ 0xc1966cb8	| byte[2485106] @ 0xc27a3930	| 2,485,128	| 2,485,128	|-1	|
| Merger$Segment @ 0xc1967630	| byte[2566142] @ 0xc2caecf8	| 2,566,160	| 2,566,160	|-1	|
| Merger$Segment @ 0xc1966128	| byte[2505470] @ 0xc1bd30a0	| 2,505,488	| 2,505,488	|-1	|
| Merger$Segment @ 0xc1966778	| byte[2557068] @ 0xc2533490	| 2,557,088	| 2,557,088	|-1	|
| Merger$Segment @ 0xc1967c80	| byte[2379350] @ 0xc2a69e90	| 2,379,368	| 2,379,368	|-1	|
| Merger$Segment @ 0xc1966fe0	| byte[2616484] @ 0xc20900d8	| 2,616,504	| 2,616,504	|-1	|


#### [minSegment] => 

| FrameworkObj 	| Inner object 	| shallowHeap 	| retainedHeap 	| TaskId 	|
| :----------- | :----------- | -----------: | -----------: |-----------: |
| Merger$Segment @ 0xc1966450	| byte[2462994] @ 0xc1e36bb0	| 2,463,016	| 2,463,016	|-1	|


#### [keySegment] => 

| FrameworkObj 	| Inner object 	| shallowHeap 	| retainedHeap 	|
| :----------- | :----------- | -----------: | -----------: |
| DataInputBuffer @ 0xc1966498	| byte[2462994] @ 0xc1e36bb0	| 2,463,016	| 2,463,016	|


