## Heap Dump
### Dump 0 [mapHdfsBytesRead = 30,193,493] name = mapHdfsBytesRead-30193493-inrec-0-outrec-0-pid-26504.md
| User object | shallow heap | retained heap | length | inner object | inner size | threads | code() |
|:------------| ------------:| -------------:| ------:|:------------ | ----------:| :------ | :------|
| org.apache.mahout.classifier.bayes.InMemoryBayesDatastore @ 0xed4f1820 | 64 | 99,259,664 | 1 |  |  | main | premap |

### Dump 1 [mapHdfsBytesRead = 32,565,153] name = mapHdfsBytesRead-32565153-inrec-0-outrec-0-pid-26504.md
| User object | shallow heap | retained heap | length | inner object | inner size | threads | code() |
|:------------| ------------:| -------------:| ------:|:------------ | ----------:| :------ | :------|
| java.lang.Object[1811107] @ 0xec39b5b0 | 7,244,448 | 71,263,392 | 905,554 | java.lang.String @ 0xebb09140 | 560 | main | premap |
| org.apache.mahout.classifier.bayes.InMemoryBayesDatastore @ 0xe9f2cd10 | 64 | 23,557,240 | 1 |  |  | main | premap |
| org.apache.mahout.math.map.OpenObjectIntHashMap @ 0xea624548 | 56 | 14,488,952 | 1 |  |  | main | premap |
| int[1811107] @ 0xeca84050 | 7,244,448 | 7,244,448 | 1 |  |  | main | premap |

### Dump 2 [mapHdfsBytesRead = 61,818,883] name = mapHdfsBytesRead-61818883-inrec-0-outrec-0-pid-26504.md
| User object | shallow heap | retained heap | length | inner object | inner size | threads | code() |
|:------------| ------------:| -------------:| ------:|:------------ | ----------:| :------ | :------|
| org.apache.mahout.classifier.bayes.InMemoryBayesDatastore @ 0xe83321b0 | 64 | 200,828,464 | 1 |  |  | main | premap |

### Dump 3 [mapHdfsBytesRead = 71,302,477] name = mapHdfsBytesRead-71302477-inrec-0-outrec-0-pid-26504.md
| User object | shallow heap | retained heap | length | inner object | inner size | threads | code() |
|:------------| ------------:| -------------:| ------:|:------------ | ----------:| :------ | :------|
| java.lang.Object[3622219] @ 0xeae17f90 | 14,488,896 | 154,064,208 | 1,811,110 | java.lang.String @ 0xf124fce0 | 2,072 | main | premap |
| org.apache.mahout.classifier.bayes.InMemoryBayesDatastore @ 0xe7aff0b0 | 64 | 47,101,696 | 1 |  |  | main | premap |
| int[3622219] @ 0xebbe94d0 | 14,488,896 | 14,488,896 | 1 |  |  | main | premap |
| byte[3622219] @ 0xeca0ade8 | 3,622,240 | 3,622,240 | 1 |  |  | main | premap |

### Dump 4 [mapHdfsBytesRead = 104,461,660] name = mapHdfsBytesRead-104461660-inrec-0-outrec-0-pid-26504.md
| User object | shallow heap | retained heap | length | inner object | inner size | threads | code() |
|:------------| ------------:| -------------:| ------:|:------------ | ----------:| :------ | :------|
| org.apache.mahout.classifier.bayes.InMemoryBayesDatastore @ 0xe24b0a98 | 64 | 393,230,760 | 1 |  |  | main | premap |

### Dump 5 [mapHdfsBytesRead = 116,007,939] name = mapHdfsBytesRead-116007939-inrec-0-outrec-0-pid-26504-OOM.md
| User object | shallow heap | retained heap | length | inner object | inner size | threads | code() |
|:------------| ------------:| -------------:| ------:|:------------ | ----------:| :------ | :------|
| org.apache.mahout.classifier.bayes.InMemoryBayesDatastore @ 0xe268b960 | 64 | 305,957,288 | 1 |  |  | main | premap |
| java.lang.Object[978821] @ 0xf6751690 | 3,915,304 | 109,151,544 | 489,411 | org.apache.mahout.math.RandomAccessSparseVector @ 0xf3740e88 | 1,928 | main | premap |
| org.apache.mahout.math.map.OpenIntObjectHashMap @ 0xe2ccc3c8 | 56 | 7,244,504 | 1 |  |  | main | premap |
| int[978821] @ 0xf6395868 | 3,915,304 | 3,915,304 | 1 |  |  | main | premap |

### Framework objects
#### SpillBuffer

| FrameworkObj 	| Inner object 	| shallowHeap 	| retainedHeap 	|
| :----------- | :----------- | -----------: | -----------: |
| kvbuffer	| byte[498073600] @ 0xc1800000	| 498,073,616	| 498,073,616	|
| kvindices	| int[4915200] @ 0xdf300010	| 19,660,816	| 19,660,816	|
| kvoffsets	| int[1638400] @ 0xe268b9d8	| 6,553,616	| 6,553,616	|




